Copyright 1986-2019 Xilinx, Inc. All Rights Reserved.
--------------------------------------------------------------------------------------------------
| Tool Version : Vivado v.2019.2 (win64) Build 2708876 Wed Nov  6 21:40:23 MST 2019
| Date         : Tue Oct 21 14:46:44 2025
| Host         : PT-PC-E0213W running 64-bit major release  (build 9200)
| Command      : report_control_sets -verbose -file VGA_source_bd_wrapper_control_sets_placed.rpt
| Design       : VGA_source_bd_wrapper
| Device       : xc7z020
--------------------------------------------------------------------------------------------------

Control Set Information

Table of Contents
-----------------
1. Summary
2. Histogram
3. Flip-Flop Distribution
4. Detailed Control Set Information

1. Summary
----------

+----------------------------------------------------------+-------+
|                          Status                          | Count |
+----------------------------------------------------------+-------+
| Total control sets                                       |     8 |
|    Minimum number of control sets                        |     8 |
|    Addition due to synthesis replication                 |     0 |
|    Addition due to physical synthesis replication        |     0 |
| Unused register locations in slices containing registers |    26 |
+----------------------------------------------------------+-------+
* Control sets can be merged at opt_design using control_set_merge or merge_equivalent_drivers
** Run report_qor_suggestions for automated merging and remapping suggestions


2. Histogram
------------

+--------------------+-------+
|       Fanout       | Count |
+--------------------+-------+
| Total control sets |     8 |
| >= 0 to < 4        |     0 |
| >= 4 to < 6        |     1 |
| >= 6 to < 8        |     1 |
| >= 8 to < 10       |     1 |
| >= 10 to < 12      |     0 |
| >= 12 to < 14      |     2 |
| >= 14 to < 16      |     0 |
| >= 16              |     3 |
+--------------------+-------+
* Control sets can be remapped at either synth_design or opt_design


3. Flip-Flop Distribution
-------------------------

+--------------+-----------------------+------------------------+-----------------+--------------+
| Clock Enable | Synchronous Set/Reset | Asynchronous Set/Reset | Total Registers | Total Slices |
+--------------+-----------------------+------------------------+-----------------+--------------+
| No           | No                    | No                     |              29 |           10 |
| No           | No                    | Yes                    |               0 |            0 |
| No           | Yes                   | No                     |              87 |           30 |
| Yes          | No                    | No                     |               0 |            0 |
| Yes          | No                    | Yes                    |               0 |            0 |
| Yes          | Yes                   | No                     |              26 |            6 |
+--------------+-----------------------+------------------------+-----------------+--------------+


4. Detailed Control Set Information
-----------------------------------

+------------------------------------------+------------------------------------------------------------------------------+------------------------------------------------------------------------------+------------------+----------------+
|               Clock Signal               |                                 Enable Signal                                |                               Set/Reset Signal                               | Slice Load Count | Bel Load Count |
+------------------------------------------+------------------------------------------------------------------------------+------------------------------------------------------------------------------+------------------+----------------+
|  VGA_source_bd_i/clk_wiz_0/inst/clk_out2 |                                                                              | VGA_source_bd_i/rst_clk_wiz_0_107M/U0/EXT_LPF/lpf_int                        |                2 |              4 |
|  VGA_source_bd_i/clk_wiz_0/inst/clk_out2 | VGA_source_bd_i/rst_clk_wiz_0_107M/U0/SEQ/seq_cnt_en                         | VGA_source_bd_i/rst_clk_wiz_0_107M/U0/SEQ/SEQ_COUNTER/clear                  |                1 |              6 |
|  VGA_source_bd_i/clk_wiz_0/inst/clk_out2 | VGA_source_bd_i/v_tc_0/U0/U_TC_TOP/GEN_GENERATOR.U_TC_GEN/active_video_reg_0 | VGA_source_bd_i/v_tc_0/U0/U_TC_TOP/GEN_GENERATOR.U_TC_GEN/hsync_out          |                2 |              8 |
|  VGA_source_bd_i/clk_wiz_0/inst/clk_out2 |                                                                              | VGA_source_bd_i/v_tc_0/U0/U_TC_TOP/GEN_GENERATOR.U_TC_GEN/h_count[0]_i_1_n_0 |                3 |             12 |
|  VGA_source_bd_i/clk_wiz_0/inst/clk_out2 | VGA_source_bd_i/v_tc_0/U0/U_TC_TOP/GEN_GENERATOR.U_TC_GEN/v_count058_out     | VGA_source_bd_i/v_tc_0/U0/U_TC_TOP/GEN_GENERATOR.U_TC_GEN/v_count[0]_i_1_n_0 |                3 |             12 |
|  VGA_source_bd_i/clk_wiz_0/inst/clk_out2 |                                                                              | VGA_source_bd_i/v_tc_0/U0/U_TC_TOP/GEN_GENERATOR.U_TC_GEN/p_3_in             |                6 |             19 |
|  VGA_source_bd_i/clk_wiz_0/inst/clk_out2 |                                                                              |                                                                              |               11 |             30 |
|  VGA_source_bd_i/clk_wiz_0/inst/clk_out2 |                                                                              | VGA_source_bd_i/v_tc_0/U0/U_TC_TOP/GEN_GENERATOR.U_TC_GEN/htotal[11]_i_1_n_0 |               19 |             52 |
+------------------------------------------+------------------------------------------------------------------------------+------------------------------------------------------------------------------+------------------+----------------+


